Traceback (most recent call last):
  File "/home/rbe-luis/Workspace/Controle_robo_livox/tools/valida_etapa5/mega_fingida5.py", line 392, in <module>
    sys.exit(main(sys.argv[1], sys.argv[2]))
             ^^^^^^^^^^^^^^^^^^^^^^^^^^^^^^
  File "/home/rbe-luis/Workspace/Controle_robo_livox/tools/valida_etapa5/mega_fingida5.py", line 332, in main
    gira(agora() + 0.2)
  File "/home/rbe-luis/Workspace/Controle_robo_livox/tools/valida_etapa5/mega_fingida5.py", line 327, in gira
    rclpy.spin_once(no, timeout_sec=0.01)
  File "/opt/ros/jazzy/lib/python3.12/site-packages/rclpy/__init__.py", line 226, in spin_once
    executor.spin_once(timeout_sec=timeout_sec)
  File "/opt/ros/jazzy/lib/python3.12/site-packages/rclpy/executors.py", line 926, in spin_once
    self._spin_once_impl(timeout_sec)
  File "/opt/ros/jazzy/lib/python3.12/site-packages/rclpy/executors.py", line 907, in _spin_once_impl
    handler, entity, node = self.wait_for_ready_callbacks(
                            ^^^^^^^^^^^^^^^^^^^^^^^^^^^^^^
  File "/opt/ros/jazzy/lib/python3.12/site-packages/rclpy/executors.py", line 877, in wait_for_ready_callbacks
    return next(self._cb_iter)
           ^^^^^^^^^^^^^^^^^^^
  File "/opt/ros/jazzy/lib/python3.12/site-packages/rclpy/executors.py", line 785, in _wait_for_ready_callbacks
    raise ExternalShutdownException()
rclpy.executors.ExternalShutdownException
