[INFO] [launch]: All log files can be found below /home/rbe-luis/.ros/log/2026-09-28-15-58-20-227849-rbe-luis-20429-328318
[INFO] [launch]: Default logging verbosity is set to INFO
[INFO] [launch.user]: perfil materializado: /home/rbe-luis/sessao-manual-robo3/20260928_160300/ros_logs/corrida_2026-09-28_155820/perfil_nav2.yaml
[INFO] [launch.user]: perfil materializado: /home/rbe-luis/sessao-manual-robo3/20260928_160300/ros_logs/corrida_2026-09-28_155820/perfil_collision_monitor.yaml
[INFO] [launch.user]: PILHA subindo — espere os servidores ativarem (o Smac leva ~16 s montando a heurística) e então clique "2D Goal Pose" no RViz.
[INFO] [gazebo-1]: process started with pid [328377]
[INFO] [robot_state_publisher-2]: process started with pid [328378]
[INFO] [placa_simulada-3]: process started with pid [328379]
[INFO] [parameter_bridge-4]: process started with pid [328381]
[INFO] [create-5]: process started with pid [328382]
[INFO] [pointcloud_to_laserscan_node-6]: process started with pid [328383]
[INFO] [map_server-7]: process started with pid [328384]
[INFO] [planner_server-8]: process started with pid [328386]
[INFO] [smoother_server-9]: process started with pid [328387]
[INFO] [controller_server-10]: process started with pid [328388]
[INFO] [bt_navigator-11]: process started with pid [328389]
[INFO] [lifecycle_manager-12]: process started with pid [328391]
[INFO] [static_transform_publisher-13]: process started with pid [328392]
[INFO] [heading_controller-14]: process started with pid [328394]
[INFO] [collision_monitor-15]: process started with pid [328395]
[INFO] [twist_mux-16]: process started with pid [328398]
[INFO] [compensador_rumo-17]: process started with pid [328399]
[INFO] [path_follower-18]: process started with pid [328401]
[INFO] [freeze_capture-19]: process started with pid [328403]
[create-5] [INFO] [1790621900.989187372] [ros_gz_sim]: Requesting list of world names.
[static_transform_publisher-13] [INFO] [1790621901.010765689] [tf_map_odom]: Spinning until stopped - publishing transform
[static_transform_publisher-13] translation: ('0.000000', '0.000000', '0.000000')
[static_transform_publisher-13] rotation: ('0.000000', '0.000000', '0.000000', '1.000000')
[static_transform_publisher-13] from 'map' to 'odom'
[bt_navigator-11] [INFO] [1790621901.031183503] [bt_navigator]: 
[bt_navigator-11] 	bt_navigator lifecycle node launched. 
[bt_navigator-11] 	Waiting on external lifecycle transitions to activate
[bt_navigator-11] 	See https://design.ros2.org/articles/node_lifecycle.html for more information.
[robot_state_publisher-2] [WARN] [1790621901.032981983] [kdl_parser]: The root link base_link has an inertia specified in the URDF, but KDL does not support a root link with an inertia.  As a workaround, you can add an extra dummy link to your URDF.
[robot_state_publisher-2] [INFO] [1790621901.033170599] [robot_state_publisher]: Robot initialized
[controller_server-10] [INFO] [1790621901.033139228] [controller_server]: 
[controller_server-10] 	controller_server lifecycle node launched. 
[controller_server-10] 	Waiting on external lifecycle transitions to activate
[controller_server-10] 	See https://design.ros2.org/articles/node_lifecycle.html for more information.
[bt_navigator-11] [INFO] [1790621901.037007827] [bt_navigator]: Creating
[controller_server-10] [INFO] [1790621901.042711758] [controller_server]: Creating controller server
[planner_server-8] [INFO] [1790621901.052999863] [planner_server]: 
[planner_server-8] 	planner_server lifecycle node launched. 
[planner_server-8] 	Waiting on external lifecycle transitions to activate
[planner_server-8] 	See https://design.ros2.org/articles/node_lifecycle.html for more information.
[map_server-7] [INFO] [1790621901.054766136] [map_server]: 
[map_server-7] 	map_server lifecycle node launched. 
[map_server-7] 	Waiting on external lifecycle transitions to activate
[map_server-7] 	See https://design.ros2.org/articles/node_lifecycle.html for more information.
[map_server-7] [INFO] [1790621901.054957371] [map_server]: Creating
[planner_server-8] [INFO] [1790621901.061061641] [planner_server]: Creating
[lifecycle_manager-12] [INFO] [1790621901.075047489] [lifecycle_manager_pilha]: Creating
[controller_server-10] [INFO] [1790621901.084669974] [local_costmap.local_costmap]: 
[controller_server-10] 	local_costmap lifecycle node launched. 
[controller_server-10] 	Waiting on external lifecycle transitions to activate
[controller_server-10] 	See https://design.ros2.org/articles/node_lifecycle.html for more information.
[controller_server-10] [INFO] [1790621901.085542922] [local_costmap.local_costmap]: Creating Costmap
[twist_mux-16] [INFO] [1790621901.091187671] [twist_mux]: Topic handler 'topics.autonomia' subscribed to topic 'auto_vel': timeout = 0.500000s , priority = 10.
[lifecycle_manager-12] [INFO] [1790621901.096578274] [lifecycle_manager_pilha]: [34m[1mCreating and initializing lifecycle service clients[0m[0m
[twist_mux-16] [INFO] [1790621901.104752876] [twist_mux]: Topic handler 'topics.desencalhe' subscribed to topic 'unstuck_vel': timeout = 0.500000s , priority = 30.
[smoother_server-9] [INFO] [1790621901.105422866] [smoother_server]: 
[smoother_server-9] 	smoother_server lifecycle node launched. 
[smoother_server-9] 	Waiting on external lifecycle transitions to activate
[smoother_server-9] 	See https://design.ros2.org/articles/node_lifecycle.html for more information.
[smoother_server-9] [INFO] [1790621901.108674160] [smoother_server]: Creating smoother server
[parameter_bridge-4] [INFO] [1790621901.110491833] [ros_gz_bridge]: Creating GZ->ROS Bridge: [/clock (gz.msgs.Clock) -> /clock (rosgraph_msgs/msg/Clock)] (Lazy 0)
[twist_mux-16] [INFO] [1790621901.113526293] [twist_mux]: Topic handler 'topics.direcional' subscribed to topic 'dpad_vel': timeout = 0.300000s , priority = 110.
[parameter_bridge-4] [INFO] [1790621901.114538918] [ros_gz_bridge]: Creating GZ->ROS Bridge: [/Odometry (gz.msgs.Odometry) -> /Odometry (nav_msgs/msg/Odometry)] (Lazy 0)
[twist_mux-16] [INFO] [1790621901.116537826] [twist_mux]: Topic handler 'topics.joystick' subscribed to topic 'joy_vel': timeout = 0.500000s , priority = 100.
[planner_server-8] [INFO] [1790621901.120122000] [global_costmap.global_costmap]: 
[planner_server-8] 	global_costmap lifecycle node launched. 
[planner_server-8] 	Waiting on external lifecycle transitions to activate
[planner_server-8] 	See https://design.ros2.org/articles/node_lifecycle.html for more information.
[planner_server-8] [INFO] [1790621901.121254041] [global_costmap.global_costmap]: Creating Costmap
[parameter_bridge-4] [INFO] [1790621901.125638230] [ros_gz_bridge]: Creating GZ->ROS Bridge: [/tf_odom (gz.msgs.Pose_V) -> /tf_odom (tf2_msgs/msg/TFMessage)] (Lazy 0)
[parameter_bridge-4] [INFO] [1790621901.131396620] [ros_gz_bridge]: Creating GZ->ROS Bridge: [/livox/lidar/points (gz.msgs.PointCloudPacked) -> /livox/lidar/points (sensor_msgs/msg/PointCloud2)] (Lazy 0)
[collision_monitor-15] [INFO] [1790621901.134464411] [collision_monitor]: 
[collision_monitor-15] 	collision_monitor lifecycle node launched. 
[collision_monitor-15] 	Waiting on external lifecycle transitions to activate
[collision_monitor-15] 	See https://design.ros2.org/articles/node_lifecycle.html for more information.
[lifecycle_manager-12] [INFO] [1790621901.264167835] [lifecycle_manager_pilha]: [34m[1mStarting managed nodes bringup...[0m[0m
[lifecycle_manager-12] [INFO] [1790621901.264244364] [lifecycle_manager_pilha]: [34m[1mConfiguring map_server[0m[0m
[map_server-7] [INFO] [1790621901.264835323] [map_server]: Configuring
[map_server-7] [INFO] [1790621901.264927384] [map_io]: Loading yaml file: /home/rbe-luis/Workspace/Controle_robo_livox/maps/pista_obstaculos.yaml
[map_server-7] [INFO] [1790621901.265315305] [map_io]: resolution: 0.05
[map_server-7] [INFO] [1790621901.265340274] [map_io]: origin[0]: 0
[map_server-7] [INFO] [1790621901.265346766] [map_io]: origin[1]: 0
[map_server-7] [INFO] [1790621901.265351278] [map_io]: origin[2]: 0
[map_server-7] [INFO] [1790621901.265356256] [map_io]: free_thresh: 0.196
[map_server-7] [INFO] [1790621901.265360885] [map_io]: occupied_thresh: 0.65
[map_server-7] [INFO] [1790621901.265367315] [map_io]: mode: trinary
[map_server-7] [INFO] [1790621901.265373178] [map_io]: negate: 0
[map_server-7] [INFO] [1790621901.265674293] [map_io]: Loading image_file: /home/rbe-luis/Workspace/Controle_robo_livox/maps/pista_obstaculos.pgm
[map_server-7] [INFO] [1790621901.267237596] [map_io]: Read map /home/rbe-luis/Workspace/Controle_robo_livox/maps/pista_obstaculos.pgm: 240 X 160 map @ 0.05 m/cell
[lifecycle_manager-12] [INFO] [1790621901.282323424] [lifecycle_manager_pilha]: [34m[1mConfiguring planner_server[0m[0m
[planner_server-8] [INFO] [1790621901.282762868] [planner_server]: Configuring
[planner_server-8] [INFO] [1790621901.282809835] [global_costmap.global_costmap]: Configuring
[planner_server-8] [INFO] [1790621901.297232249] [global_costmap.global_costmap]: Using plugin "static_layer"
[planner_server-8] [INFO] [1790621901.303179140] [global_costmap.global_costmap]: Subscribing to the map topic (/map) with transient local durability
[planner_server-8] [INFO] [1790621901.306456017] [global_costmap.global_costmap]: Initialized plugin "static_layer"
[planner_server-8] [INFO] [1790621901.306514016] [global_costmap.global_costmap]: Using plugin "obstacle_layer"
[planner_server-8] [INFO] [1790621901.307160877] [global_costmap.global_costmap]: Subscribed to Topics: livox
[planner_server-8] [INFO] [1790621901.315167789] [global_costmap.global_costmap]: Initialized plugin "obstacle_layer"
[planner_server-8] [INFO] [1790621901.315227120] [global_costmap.global_costmap]: Using plugin "inflation_layer"
[planner_server-8] [INFO] [1790621901.316021938] [global_costmap.global_costmap]: Initialized plugin "inflation_layer"
[planner_server-8] [INFO] [1790621901.367286536] [planner_server]: Created global planner plugin GridBased of type nav2_smac_planner::SmacPlanner2D
[planner_server-8] [INFO] [1790621901.367372856] [planner_server]: Configuring GridBased of type SmacPlanner2D
[planner_server-8] [INFO] [1790621901.370620913] [planner_server]: Configured plugin GridBased of type SmacPlanner2D with tolerance 0.25, maximum iterations 1000000, max on approach iterations 1000, and not allowing unknown traversal.
[planner_server-8] [INFO] [1790621901.370689203] [planner_server]: Planner Server has GridBased  planners available.
[lifecycle_manager-12] [INFO] [1790621901.390425576] [lifecycle_manager_pilha]: [34m[1mConfiguring smoother_server[0m[0m
[smoother_server-9] [INFO] [1790621901.390799961] [smoother_server]: Configuring smoother server
[smoother_server-9] [INFO] [1790621901.418896862] [smoother_server]: Created smoother : suave of type nav2_constrained_smoother/ConstrainedSmoother
[smoother_server-9] [INFO] [1790621901.422814290] [smoother_server]: Created smoother : simples of type nav2_smoother::SimpleSmoother
[smoother_server-9] [INFO] [1790621901.424011720] [smoother_server]: Created smoother : savgol of type nav2_smoother::SavitzkyGolaySmoother
[smoother_server-9] [INFO] [1790621901.424589970] [smoother_server]: Smoother Server has suave simples savgol  smoothers available.
[lifecycle_manager-12] [INFO] [1790621901.437716422] [lifecycle_manager_pilha]: [34m[1mConfiguring controller_server[0m[0m
[controller_server-10] [INFO] [1790621901.438204451] [controller_server]: Configuring controller interface
[controller_server-10] [INFO] [1790621901.438250551] [controller_server]: getting progress checker plugins..
[controller_server-10] [INFO] [1790621901.438744294] [controller_server]: getting goal checker plugins..
[controller_server-10] [INFO] [1790621901.439797276] [controller_server]: Controller frequency set to 5.0000Hz
[controller_server-10] [INFO] [1790621901.439894144] [local_costmap.local_costmap]: Configuring
[controller_server-10] [INFO] [1790621901.458084752] [local_costmap.local_costmap]: Using plugin "static_layer"
[controller_server-10] [INFO] [1790621901.463846824] [local_costmap.local_costmap]: Subscribing to the map topic (/map) with transient local durability
[controller_server-10] [INFO] [1790621901.467014963] [local_costmap.local_costmap]: Initialized plugin "static_layer"
[controller_server-10] [INFO] [1790621901.467068752] [local_costmap.local_costmap]: Using plugin "obstacle_layer"
[controller_server-10] [INFO] [1790621901.467665542] [local_costmap.local_costmap]: Subscribed to Topics: livox
[controller_server-10] [INFO] [1790621901.489412934] [local_costmap.local_costmap]: Initialized plugin "obstacle_layer"
[controller_server-10] [INFO] [1790621901.489471824] [local_costmap.local_costmap]: Using plugin "inflation_layer"
[controller_server-10] [INFO] [1790621901.490348428] [local_costmap.local_costmap]: Initialized plugin "inflation_layer"
[controller_server-10] [INFO] [1790621901.523943450] [controller_server]: Created progress_checker : progress_checker of type nav2_controller::SimpleProgressChecker
[controller_server-10] [INFO] [1790621901.524436243] [controller_server]: Controller Server has progress_checker  progress checkers available.
[controller_server-10] [INFO] [1790621901.525263300] [controller_server]: Created goal checker : goal_checker of type nav2_controller::SimpleGoalChecker
[controller_server-10] [INFO] [1790621901.525873061] [controller_server]: Controller Server has goal_checker  goal checkers available.
[controller_server-10] [INFO] [1790621901.527640724] [controller_server]: Created controller : FollowPath of type nav2_regulated_pure_pursuit_controller::RegulatedPurePursuitController
[controller_server-10] [INFO] [1790621901.535856470] [controller_server]: Controller Server has FollowPath  controllers available.
[lifecycle_manager-12] [INFO] [1790621901.557939916] [lifecycle_manager_pilha]: [34m[1mConfiguring bt_navigator[0m[0m
[bt_navigator-11] [INFO] [1790621901.558448888] [bt_navigator]: Configuring
[bt_navigator-11] [INFO] [1790621901.576738328] [bt_navigator]: Creating navigator id navigate_to_pose of type nav2_bt_navigator::NavigateToPoseNavigator
[bt_navigator-11] [WARN] [1790621901.584040522] [bt_navigator]: Error_code parameters were not set. Using default values of: follow_path_error_code compute_path_error_code
[bt_navigator-11] Make sure these match your BT and there are not other sources of error codes youreported to your application
[placa_simulada-3] [WARN] [1790621901.613484109] [placa_simulada]: placa MEDIDA (31-07): patamar de 0.009 a 0.864 m/s de comando vira SEMPRE 0.307 m/s de borda. Nessa faixa cmd_vel escolhe sentido, não módulo.
[placa_simulada-3] [WARN] [1790621901.614255589] [placa_simulada]: latência 0.27 s, escala real 0.0372 rad/s/unidade (2.8x menor que a assumida pelo driver).
[placa_simulada-3] [WARN] [1790621901.615120972] [placa_simulada]: atraso de DESLIGA 0.52 s: depois do comando zerar a placa CONTINUA empurrando (04-08, n=3). Num pulso curto quase todo o movimento acontece aí — pivô de 0,2 s gira 35,8° no robô, dos quais 35,4° com o comando já em zero.
[placa_simulada-3] [WARN] [1790621901.615878789] [placa_simulada]: o robô ARCA (04-08): curvatura -0.817 1/m de frente, -0.098 de ré — 8.3x de assimetria. Não espere reta deste robô.
[placa_simulada-3] [WARN] [1790621901.616590210] [placa_simulada]: para isso a esquerda entrega +39.1% de frente e -3.8% de ré (derivado, com rendimento de giro do Gazebo em 0.80). O encoder do robô mediu 11-12% / ~0%: a diferença é o termo de CORPO entrando disfarçado de roda. Modelo FENOMENOLÓGICO.
[heading_controller-14] [WARN] [1790621901.669624071] [heading_controller]: parâmetros NÃO MEDIDOS neste robô — a_dec=0.3 rad/s², zona_morta=0.1 m/s, bitola=0.27 m. Rodar tools/banco/ e corrigir (BO-3).
[heading_controller-14] [INFO] [1790621901.670276073] [heading_controller]: pivô DISPONÍVEL acima de 0.74 rad/s — o robô consegue virar no próprio eixo
[create-5] [INFO] [1790621901.684576023] [ros_gz_sim]: Waiting messages on topic [robot_description].
[create-5] [INFO] [1790621901.697553804] [ros_gz_sim]: Entity creation successful.
[compensador_rumo-17] [WARN] [1790621901.711830197] [compensador_rumo]: compensador de rumo (decisão 011): ff -0.817 1/m frente, -0.098 ré; kp=0.25 ki=0.12, correção limitada a ±0.60 rad/s. Curva pedida (|wz|≥0.05) passa intocada.
[compensador_rumo-17] [WARN] [1790621901.712558114] [compensador_rumo]: GANHO DA CADEIA 0.45 (decisão 038): o que a lei quer de giro sai dividido por ele, porque o robô entrega só essa fração do que se pede. Com 1,00 o nó volta ao comportamento de antes — e 1,00 é o que o ROBÔ REAL usa até alguém medir o ganho lá.
[compensador_rumo-17] [WARN] [1790621901.713325175] [compensador_rumo]: FREIO LINEAR LIGADO (decisão 038): comando cortado com o robô andando vira contra-torque, soltando em 0.25 m/s, teto 1.0 s. Sem ele a placa segura 0,52 s e o robô anda +0,10 m depois do corte — foi a batida de 13-08, com o reflexo tendo cortado a 0,30 m da parede.
[compensador_rumo-17] [WARN] [1790621901.714198848] [compensador_rumo]: ⚠️ ff HERDADO: curv_frente -0.8170 NÃO foi medido nesta sessão. A planta muda ~13,5% entre dias (04-08: −0,8031 · 05-08: −0,9116, faixas que não se tocam), e o resíduo disso é maior que o critério de aceitação da 011. Protocolo (decisão 013): três corridas SEM compensador, `medir.py --resumo curvatura`, e subir a pilha com `curv_frente:=<média> curv_medido_em:=<data>`.
[lifecycle_manager-12] [INFO] [1790621901.717828793] [lifecycle_manager_pilha]: [34m[1mConfiguring collision_monitor[0m[0m
[collision_monitor-15] [INFO] [1790621901.718326014] [collision_monitor]: Configuring
[collision_monitor-15] [INFO] [1790621901.726463672] [collision_monitor]: [livox]: Creating PointCloud
[collision_monitor-15] [INFO] [1790621901.730303650] [collision_monitor]: [PolygonApproach]: Creating Polygon
[collision_monitor-15] [INFO] [1790621901.733751864] [collision_monitor]: [PolygonStop]: Creating Polygon
[lifecycle_manager-12] [INFO] [1790621901.753825045] [lifecycle_manager_pilha]: [34m[1mActivating map_server[0m[0m
[map_server-7] [INFO] [1790621901.754065242] [map_server]: Activating
[map_server-7] [INFO] [1790621901.754311519] [map_server]: Creating bond (map_server) to lifecycle manager.
[planner_server-8] [INFO] [1790621901.754612184] [global_costmap.global_costmap]: StaticLayer: Resizing costmap to 240 X 160 at 0.050000 m/pix
[controller_server-10] [INFO] [1790621901.754612182] [local_costmap.local_costmap]: StaticLayer: Resizing static layer to 240 X 160 at 0.050000 m/pix
[path_follower-18] [INFO] [1790621901.817996931] [path_follower]: log da corrida -> /home/rbe-luis/sessao-manual-robo3/20260928_160300/ros_logs/seguidor_2026-09-28_155821.csv
[path_follower-18] [INFO] [1790621901.818527110] [path_follower]: seguidor de pé — raio da máquina 0.37 m, mira 0.37 m em curva e 1.00 m em reta (040), piso de linear 0.203 m/s
[path_follower-18] [INFO] [1790621901.818956984] [path_follower]: raio de chegada 0.25 m (mínimo viável 0.07 m)
[INFO] [create-5]: process has finished cleanly [pid 328382]
[INFO] [spawner-20]: process started with pid [328780]
[lifecycle_manager-12] [INFO] [1790621901.862252319] [lifecycle_manager_pilha]: Server map_server connected with bond.
[lifecycle_manager-12] [INFO] [1790621901.862299531] [lifecycle_manager_pilha]: [34m[1mActivating planner_server[0m[0m
[planner_server-8] [INFO] [1790621901.862582368] [planner_server]: Activating
[planner_server-8] [INFO] [1790621901.862623784] [global_costmap.global_costmap]: Activating
[planner_server-8] [INFO] [1790621901.862633034] [global_costmap.global_costmap]: Checking transform
[planner_server-8] [INFO] [1790621901.862683954] [global_costmap.global_costmap]: Timed out waiting for transform from base_link to map to become available, tf error: Could not find a connection between 'map' and 'base_link' because they are not part of the same tree.Tf has two or more unconnected trees.
[freeze_capture-19] [INFO] [1790621901.882591176] [freeze_capture]: freeze_capture: chain=/home/rbe-luis/sessao-manual-robo3/20260928_160300/ros_logs/freeze_capture.csv diag=/home/rbe-luis/sessao-manual-robo3/20260928_160300/ros_logs/freeze_diag.csv
[spawner-20] [INFO] [1790621902.291362571] [spawner_joint_state_broadcaster]: waiting for service /controller_manager/list_controllers to become available...
[planner_server-8] [INFO] [1790621902.362827639] [global_costmap.global_costmap]: Timed out waiting for transform from base_link to map to become available, tf error: Could not find a connection between 'map' and 'base_link' because they are not part of the same tree.Tf has two or more unconnected trees.
[planner_server-8] [INFO] [1790621902.862746303] [global_costmap.global_costmap]: Timed out waiting for transform from base_link to map to become available, tf error: Could not find a connection between 'map' and 'base_link' because they are not part of the same tree.Tf has two or more unconnected trees.
[gazebo-1] [1;33mWarning [Utils.cc:132][0m [/sdf/model[@name="robo3"]/link[@name="livox_frame"]/sensor[@name="livox_mid360"]/gz_frame_id:<urdf-string>:L0]: XML Element[gz_frame_id], child of element[sensor], not defined in SDF. Copying[gz_frame_id] as children of [sensor].
[planner_server-8] [INFO] [1790621903.362744778] [global_costmap.global_costmap]: Timed out waiting for transform from base_link to map to become available, tf error: Could not find a connection between 'map' and 'base_link' because they are not part of the same tree.Tf has two or more unconnected trees.
[gazebo-1] [INFO] [1790621903.433265862] [gz_ros_control]: [gz_ros2_control] Fixed joint ['livox_joint'] (Entity='82') is skipped.
[gazebo-1] [INFO] [1790621903.435326728] [gz_ros_control]: Loading controller_manager
[gazebo-1] [INFO] [1790621903.451524759] [controller_manager]: Using ROS clock for triggering controller manager cycles.
[gazebo-1] [INFO] [1790621903.457543194] [controller_manager]: Subscribing to '/robot_description' topic for robot description.
[gazebo-1] [WARN] [1790621903.463201783] [gz_ros_control]: Waiting RM to load and initialize hardware...
[planner_server-8] [INFO] [1790621903.862740676] [global_costmap.global_costmap]: Timed out waiting for transform from base_link to map to become available, tf error: Could not find a connection between 'map' and 'base_link' because they are not part of the same tree.Tf has two or more unconnected trees.
[planner_server-8] [INFO] [1790621904.362744642] [global_costmap.global_costmap]: Timed out waiting for transform from base_link to map to become available, tf error: Could not find a connection between 'map' and 'base_link' because they are not part of the same tree.Tf has two or more unconnected trees.
[gazebo-1] [WARN] [1790621904.456652730] [controller_manager]: Waiting for data on 'robot_description' topic to finish initialization
[planner_server-8] [INFO] [1790621904.862744456] [global_costmap.global_costmap]: Timed out waiting for transform from base_link to map to become available, tf error: Could not find a connection between 'map' and 'base_link' because they are not part of the same tree.Tf has two or more unconnected trees.
[gazebo-1] [INFO] [1790621904.938177910] [controller_manager]: Received robot description from topic.
[gazebo-1] [INFO] [1790621904.938263081] [controller_manager]: Enforcing command limits is disabled. Command limits from URDF will be ignored.
[gazebo-1] [INFO] [1790621904.944935672] [gz_ros_control]: The position_proportional_gain has been set to: 0.1
[gazebo-1] [INFO] [1790621904.945033961] [gz_ros_control]: Loading joint: left_wheel_joint
[gazebo-1] [INFO] [1790621904.945045561] [gz_ros_control]: 	State:
[gazebo-1] [INFO] [1790621904.945054430] [gz_ros_control]: 		 position
[gazebo-1] [INFO] [1790621904.945059402] [gz_ros_control]: 		 velocity
[gazebo-1] [INFO] [1790621904.945073841] [gz_ros_control]: 	Command:
[gazebo-1] [INFO] [1790621904.945078212] [gz_ros_control]: 		 velocity
[gazebo-1] [INFO] [1790621904.945097229] [gz_ros_control]: Loading joint: right_wheel_joint
[gazebo-1] [INFO] [1790621904.945104550] [gz_ros_control]: 	State:
[gazebo-1] [INFO] [1790621904.945110128] [gz_ros_control]: 		 position
[gazebo-1] [INFO] [1790621904.945116651] [gz_ros_control]: 		 velocity
[gazebo-1] [INFO] [1790621904.945121877] [gz_ros_control]: 	Command:
[gazebo-1] [INFO] [1790621904.945126878] [gz_ros_control]: 		 velocity
[gazebo-1] [INFO] [1790621904.945398825] [controller_manager]: Initialize hardware 'GazeboSimSystem' 
[gazebo-1] [WARN] [1790621904.945453826] [controller_manager.hardware_component.system.GazeboSimSystem]: Executor is not available during hardware component initialization for 'GazeboSimSystem'. Skipping node creation!
[gazebo-1] [INFO] [1790621904.945576562] [controller_manager]: Successful initialization of hardware 'GazeboSimSystem'
[gazebo-1] [INFO] [1790621904.945735069] [controller_manager]: Activating component 'GazeboSimSystem'.
[gazebo-1] [INFO] [1790621904.945759381] [resource_manager]: 'configure' hardware 'GazeboSimSystem' 
[gazebo-1] [INFO] [1790621904.945770411] [gz_ros_control]: System Successfully configured!
[gazebo-1] [INFO] [1790621904.945781061] [resource_manager]: Successful 'configure' of hardware 'GazeboSimSystem'
[gazebo-1] [INFO] [1790621904.945794261] [resource_manager]: 'activate' hardware 'GazeboSimSystem' 
[gazebo-1] [INFO] [1790621904.945826546] [resource_manager]: Successful 'activate' of hardware 'GazeboSimSystem'
[gazebo-1] [WARN] [1790621904.945974955] [controller_manager]: Component 'GazeboSimSystem' does not have read or write statistics initialized, skipping registration.
[gazebo-1] [INFO] [1790621904.945997375] [controller_manager]: Resource Manager has been successfully initialized. Starting Controller Manager services...
[pointcloud_to_laserscan_node-6] [INFO] [1790621905.013407496] [scan_2d]: Got a subscriber to laserscan, starting pointcloud subscriber
[gazebo-1] [INFO] [1790621905.051123026] [controller_manager]: Loading controller : 'joint_state_broadcaster' of type 'joint_state_broadcaster/JointStateBroadcaster'
[gazebo-1] [INFO] [1790621905.051205164] [controller_manager]: Loading controller 'joint_state_broadcaster'
[gazebo-1] [INFO] [1790621905.057785089] [controller_manager]: Controller 'joint_state_broadcaster' node arguments: --ros-args --params-file /home/rbe-luis/Workspace/Controle_robo_livox/install/robot_base/share/robot_base/config/hoverboard_controllers_sim_robo3.yaml -p use_sim_time:=true --param use_sim_time:=true 
[spawner-20] [INFO] [1790621905.083051463] [spawner_joint_state_broadcaster]: Loaded joint_state_broadcaster
[gazebo-1] [INFO] [1790621905.086208942] [controller_manager]: Configuring controller: 'joint_state_broadcaster'
[gazebo-1] [INFO] [1790621905.086501449] [joint_state_broadcaster]: 'joints' or 'interfaces' parameter is empty. All available state interfaces will be published
[gazebo-1] [INFO] [1790621905.102412783] [controller_manager]: Activating controllers: [ joint_state_broadcaster ]
[planner_server-8] [INFO] [1790621905.362745503] [global_costmap.global_costmap]: Timed out waiting for transform from base_link to map to become available, tf error: Could not find a connection between 'map' and 'base_link' because they are not part of the same tree.Tf has two or more unconnected trees.
[gazebo-1] [WARN] [1790621905.529301889] [gz_ros_control]:  Desired controller update period (0.1 s) is slower than the gazebo simulation period (0.001 s).
[gazebo-1] [1;33mWarning [Utils.cc:132][0m [/sdf/model[@name="robo3"]/link[@name="livox_frame"]/sensor[@name="livox_mid360"]/gz_frame_id:<data-string>:L324]: XML Element[gz_frame_id], child of element[sensor], not defined in SDF. Copying[gz_frame_id] as children of [sensor].
[planner_server-8] [INFO] [1790621905.862789440] [global_costmap.global_costmap]: Timed out waiting for transform from base_link to map to become available, tf error: Could not find a connection between 'map' and 'base_link' because they are not part of the same tree.Tf has two or more unconnected trees.
[gazebo-1] [INFO] [1790621906.100229133] [controller_manager]: Successfully switched controllers!
[spawner-20] [INFO] [1790621906.207056627] [spawner_joint_state_broadcaster]: Configured and activated joint_state_broadcaster
[planner_server-8] [INFO] [1790621906.362848605] [global_costmap.global_costmap]: start
[INFO] [spawner-20]: process has finished cleanly [pid 328780]
[INFO] [spawner-21]: process started with pid [329376]
[spawner-21] [INFO] [1790621907.243993110] [spawner_hoverboard_base_controller]: waiting for service /controller_manager/list_controllers to become available...
[planner_server-8] [INFO] [1790621907.416567901] [planner_server]: Activating plugin GridBased of type SmacPlanner2D
[planner_server-8] [INFO] [1790621907.419011711] [planner_server]: Creating bond (planner_server) to lifecycle manager.
[lifecycle_manager-12] [INFO] [1790621907.530842787] [lifecycle_manager_pilha]: Server planner_server connected with bond.
[lifecycle_manager-12] [INFO] [1790621907.530907213] [lifecycle_manager_pilha]: [34m[1mActivating smoother_server[0m[0m
[smoother_server-9] [INFO] [1790621907.531271669] [smoother_server]: Activating
[smoother_server-9] [INFO] [1790621907.531320988] [smoother_server]: Activating smoother: suave of type nav2_constrained_smoother::ConstrainedSmoother
[smoother_server-9] [INFO] [1790621907.531341815] [smoother_server]: Creating bond (smoother_server) to lifecycle manager.
[lifecycle_manager-12] [INFO] [1790621907.639831513] [lifecycle_manager_pilha]: Server smoother_server connected with bond.
[lifecycle_manager-12] [INFO] [1790621907.639892423] [lifecycle_manager_pilha]: [34m[1mActivating controller_server[0m[0m
[controller_server-10] [INFO] [1790621907.640252366] [controller_server]: Activating
[controller_server-10] [INFO] [1790621907.640301307] [local_costmap.local_costmap]: Activating
[controller_server-10] [INFO] [1790621907.640309895] [local_costmap.local_costmap]: Checking transform
[controller_server-10] [INFO] [1790621907.640488411] [local_costmap.local_costmap]: start
[gazebo-1] [INFO] [1790621907.739865816] [controller_manager]: Loading controller : 'hoverboard_base_controller' of type 'diff_drive_controller/DiffDriveController'
[gazebo-1] [INFO] [1790621907.739936323] [controller_manager]: Loading controller 'hoverboard_base_controller'
[gazebo-1] [INFO] [1790621907.751235252] [controller_manager]: Controller 'hoverboard_base_controller' node arguments: --ros-args --params-file /home/rbe-luis/Workspace/Controle_robo_livox/install/robot_base/share/robot_base/config/hoverboard_controllers_sim_robo3.yaml -p use_sim_time:=true --param use_sim_time:=true 
[controller_server-10] [INFO] [1790621907.892725368] [controller_server]: Activating controller: FollowPath of type regulated_pure_pursuit_controller::RegulatedPurePursuitController
[controller_server-10] [INFO] [1790621907.892800257] [controller_server]: Creating bond (controller_server) to lifecycle manager.
[spawner-21] [INFO] [1790621907.927125792] [spawner_hoverboard_base_controller]: Loaded hoverboard_base_controller
[lifecycle_manager-12] [INFO] [1790621908.004856209] [lifecycle_manager_pilha]: Server controller_server connected with bond.
[lifecycle_manager-12] [INFO] [1790621908.004934687] [lifecycle_manager_pilha]: [34m[1mActivating bt_navigator[0m[0m
[bt_navigator-11] [INFO] [1790621908.005398769] [bt_navigator]: Activating
[gazebo-1] [INFO] [1790621908.012075113] [controller_manager]: Configuring controller: 'hoverboard_base_controller'
[gazebo-1] [WARN] [1790621908.012298497] [hoverboard_base_controller]: [deprecated] has_jerk_limits parameter is deprecated, instead set the respective limits to NAN
[gazebo-1] [WARN] [1790621908.012345588] [hoverboard_base_controller]: [deprecated] has_jerk_limits parameter is deprecated, instead set the respective limits to NAN
[bt_navigator-11] [INFO] [1790621908.074107353] [bt_navigator]: Creating bond (bt_navigator) to lifecycle manager.
[gazebo-1] [INFO] [1790621908.150375090] [controller_manager]: Activating controllers: [ hoverboard_base_controller ]
[lifecycle_manager-12] [INFO] [1790621908.185780267] [lifecycle_manager_pilha]: Server bt_navigator connected with bond.
[lifecycle_manager-12] [INFO] [1790621908.185852773] [lifecycle_manager_pilha]: [34m[1mActivating collision_monitor[0m[0m
[collision_monitor-15] [INFO] [1790621908.186686471] [collision_monitor]: Activating
[collision_monitor-15] [INFO] [1790621908.186926899] [collision_monitor]: Creating bond (collision_monitor) to lifecycle manager.
[gazebo-1] [WARN] [1790621908.220308543] [hoverboard_base_controller]: Can't accept new commands. subscriber is inactive
[gazebo-1] [INFO] [1790621908.248164501] [controller_manager]: Successfully switched controllers!
[lifecycle_manager-12] [INFO] [1790621908.294726055] [lifecycle_manager_pilha]: Server collision_monitor connected with bond.
[lifecycle_manager-12] [INFO] [1790621908.294785882] [lifecycle_manager_pilha]: [34m[1mManaged nodes are active[0m[0m
[lifecycle_manager-12] [INFO] [1790621908.294800874] [lifecycle_manager_pilha]: [34m[1mCreating bond timer...[0m[0m
[spawner-21] [INFO] [1790621908.351581898] [spawner_hoverboard_base_controller]: Configured and activated hoverboard_base_controller
[INFO] [spawner-21]: process has finished cleanly [pid 329376]
[bt_navigator-11] [INFO] [1790621993.250264882] [bt_navigator]: Begin navigating from current location (2.00, 5.00) to (10.50, 6.66)
[path_follower-18] [WARN] [1790621993.281338625] [path_follower]: plano CRU descartado — segurança exige /plan_smoothed; aguardando o suavizador
[smoother_server-9] [INFO] [1790621993.292120636] [smoother_server]: Received a path to smooth.
[controller_server-10] [INFO] [1790621993.312615329] [controller_server]: Received a goal, begin computing control effort.
[controller_server-10] [WARN] [1790621993.312693806] [controller_server]: No goal checker was specified in parameter 'current_goal_checker'. Server will use only plugin loaded goal_checker . This warning will appear once.
[controller_server-10] [WARN] [1790621993.312711727] [controller_server]: No progress checker was specified in parameter 'current_progress_checker'. Server will use only plugin loaded progress_checker . This warning will appear once.
[path_follower-18] [INFO] [1790621996.622329258] [path_follower]: 61 amostras -> /home/rbe-luis/sessao-manual-robo3/20260928_160300/ros_logs/seguidor_2026-09-28_155821.csv
[smoother_server-9] [INFO] [1790621998.361358412] [smoother_server]: Received a path to smooth.
[controller_server-10] [WARN] [1790621998.381552799] [controller_server]: [follow_path] [ActionServer] Aborting handle.
[controller_server-10] [INFO] [1790621998.513343446] [controller_server]: Passing new path to controller.
[path_follower-18] [WARN] [1790622003.419976271] [path_follower]: plano CRU descartado — segurança exige /plan_smoothed; aguardando o suavizador
[smoother_server-9] [INFO] [1790622003.422061037] [smoother_server]: Received a path to smooth.
[controller_server-10] [WARN] [1790622003.441334469] [controller_server]: [follow_path] [ActionServer] Aborting handle.
[controller_server-10] [INFO] [1790622003.512941581] [controller_server]: Passing new path to controller.
[path_follower-18] [WARN] [1790622004.621069688] [path_follower]: EMPERRADO com frente livre (1.80 m) — escape RETO para frente de até 0.20 m, remedindo a cada ciclo
[path_follower-18] [WARN] [1790622005.572444047] [path_follower]: fim do escape para frente: percorreu 0.21 m em 0.8 s
[compensador_rumo-17] [WARN] [1790622005.573268673] [compensador_rumo]: FREIO LINEAR: cortaram o comando com o robô a +0.26 m/s — contra-torque -0.50 (freando)
[smoother_server-9] [INFO] [1790622008.481288327] [smoother_server]: Received a path to smooth.
[controller_server-10] [WARN] [1790622008.502920913] [controller_server]: [follow_path] [ActionServer] Aborting handle.
[controller_server-10] [INFO] [1790622008.513181341] [controller_server]: Passing new path to controller.
[path_follower-18] [WARN] [1790622013.526122226] [path_follower]: plano CRU descartado — segurança exige /plan_smoothed; aguardando o suavizador
[smoother_server-9] [INFO] [1790622013.531597557] [smoother_server]: Received a path to smooth.
[controller_server-10] [WARN] [1790622013.542236229] [controller_server]: [follow_path] [ActionServer] Aborting handle.
[controller_server-10] [INFO] [1790622013.712986476] [controller_server]: Passing new path to controller.
[smoother_server-9] [INFO] [1790622018.571440164] [smoother_server]: Received a path to smooth.
[controller_server-10] [WARN] [1790622018.592154277] [controller_server]: [follow_path] [ActionServer] Aborting handle.
[controller_server-10] [INFO] [1790622018.712895269] [controller_server]: Passing new path to controller.
[path_follower-18] [WARN] [1790622023.612344659] [path_follower]: plano CRU descartado — segurança exige /plan_smoothed; aguardando o suavizador
[smoother_server-9] [INFO] [1790622023.622007457] [smoother_server]: Received a path to smooth.
[controller_server-10] [WARN] [1790622023.631329338] [controller_server]: [follow_path] [ActionServer] Aborting handle.
[controller_server-10] [INFO] [1790622023.712912931] [controller_server]: Passing new path to controller.
[smoother_server-9] [INFO] [1790622028.662035198] [smoother_server]: Received a path to smooth.
[controller_server-10] [WARN] [1790622028.665299617] [controller_server]: [follow_path] [ActionServer] Aborting handle.
[controller_server-10] [INFO] [1790622028.712909329] [controller_server]: Passing new path to controller.
[path_follower-18] [INFO] [1790622029.631328684] [path_follower]: 660 amostras -> /home/rbe-luis/sessao-manual-robo3/20260928_160300/ros_logs/seguidor_2026-09-28_155821.csv
[collision_monitor-15] [INFO] [1790622029.797905458] [collision_monitor]: Robot to approach for 0.750000 seconds away from collision
[collision_monitor-15] [INFO] [1790622029.974314351] [collision_monitor]: Robot to continue normal operation
[collision_monitor-15] [INFO] [1790622030.506383851] [collision_monitor]: Robot to stop due to PolygonStop polygon
[compensador_rumo-17] [WARN] [1790622030.508029038] [compensador_rumo]: FREIO LINEAR: cortaram o comando com o robô a +0.33 m/s — contra-torque -0.50 (voltaram a pedir marcha)
[heading_controller-14] [ERROR] [1790622032.572104101] [heading_controller]: ROBÔ PARADO COM COMANDO SAINDO há 0.6 s — pedindo v=0.475 m/s, wz=0.435 rad/s e a pose não mexe. Suspeita: zona morta (parâmetro=0.1 m/s, não medido). Rodar tools/banco/, ensaios de zona morta.
[path_follower-18] [WARN] [1790622033.677248193] [path_follower]: plano CRU descartado — segurança exige /plan_smoothed; aguardando o suavizador
[smoother_server-9] [INFO] [1790622033.691477336] [smoother_server]: Received a path to smooth.
[controller_server-10] [WARN] [1790622033.694858885] [controller_server]: [follow_path] [ActionServer] Aborting handle.
[controller_server-10] [INFO] [1790622033.712912477] [controller_server]: Passing new path to controller.
[path_follower-18] [WARN] [1790622034.654081242] [path_follower]: EMPERRADO com frente livre (2.69 m) — escape RETO para frente de até 0.20 m, remedindo a cada ciclo
[collision_monitor-15] [INFO] [1790622035.788755753] [collision_monitor]: Robot to continue normal operation
[path_follower-18] [WARN] [1790622036.010283357] [path_follower]: fim do escape para frente: percorreu 0.21 m em 1.2 s
[compensador_rumo-17] [WARN] [1790622036.010591033] [compensador_rumo]: FREIO LINEAR: cortaram o comando com o robô a +0.26 m/s — contra-torque -0.50 (marcha caiu abaixo do limiar)
[smoother_server-9] [INFO] [1790622038.721517832] [smoother_server]: Received a path to smooth.
[controller_server-10] [WARN] [1790622038.731503564] [controller_server]: [follow_path] [ActionServer] Aborting handle.
[controller_server-10] [INFO] [1790622038.912892608] [controller_server]: Passing new path to controller.
[path_follower-18] [WARN] [1790622043.746357679] [path_follower]: plano CRU descartado — segurança exige /plan_smoothed; aguardando o suavizador
[smoother_server-9] [INFO] [1790622043.761198936] [smoother_server]: Received a path to smooth.
[controller_server-10] [WARN] [1790622043.771176469] [controller_server]: [follow_path] [ActionServer] Aborting handle.
[controller_server-10] [INFO] [1790622043.912900060] [controller_server]: Passing new path to controller.
[smoother_server-9] [INFO] [1790622048.791513018] [smoother_server]: Received a path to smooth.
[controller_server-10] [WARN] [1790622048.801497924] [controller_server]: [follow_path] [ActionServer] Aborting handle.
[controller_server-10] [INFO] [1790622048.912901875] [controller_server]: Passing new path to controller.
[controller_server-10] [INFO] [1790622050.313193292] [controller_server]: Reached the goal!
[path_follower-18] [INFO] [1790622050.318708575] [path_follower]: parado (chegou)
[bt_navigator-11] [INFO] [1790622050.340856271] [bt_navigator]: Goal succeeded
[compensador_rumo-17] [WARN] [1790622050.406013399] [compensador_rumo]: FREIO LINEAR: cortaram o comando com o robô a +0.32 m/s — contra-torque -0.50 (voltaram a pedir marcha)
[compensador_rumo-17] [WARN] [1790622050.969127927] [compensador_rumo]: FREIO LINEAR: cortaram o comando com o robô a +0.27 m/s — contra-torque -0.50 (voltaram a pedir marcha)
[path_follower-18] [INFO] [1790622061.900346705] [path_follower]: 1041 amostras -> /home/rbe-luis/sessao-manual-robo3/20260928_160300/ros_logs/seguidor_2026-09-28_155821.csv
[path_follower-18] [INFO] [1790622094.099268583] [path_follower]: 1041 amostras -> /home/rbe-luis/sessao-manual-robo3/20260928_160300/ros_logs/seguidor_2026-09-28_155821.csv
[path_follower-18] [INFO] [1790622126.042806009] [path_follower]: 1041 amostras -> /home/rbe-luis/sessao-manual-robo3/20260928_160300/ros_logs/seguidor_2026-09-28_155821.csv
