veredito: APROVADO
motivos: []
footprint_padding: {}
ilegiveis:
  /controller_manager:
  - hoverboard_base_controller.fallback_controllers
  - hoverboard_base_controller.node_options_args
  - joint_state_broadcaster.fallback_controllers
  - joint_state_broadcaster.node_options_args
ilegiveis_permitidos_observados:
  /controller_manager:
  - hoverboard_base_controller.fallback_controllers
  - hoverboard_base_controller.node_options_args
  - joint_state_broadcaster.fallback_controllers
  - joint_state_broadcaster.node_options_args
ilegiveis_inesperados: {}
permissoes_ilegivel_sem_uso: []
dumps_vazios: []
nos_esperados: 9
nos_com_parametros: 8
nos_visiveis: 9
consultas: 7
segundos: 12.2

